System.out.print()  vs Logger
- 둘다 화면이나 어딘가에 무언가를 출력한다 점은 비슷
- 실무에서는 다르게 사용

시스템
- 운영되고 있는 전체 프로그램 구조 자체

System.out.print()
- 단순히 콘솔화면에 글자를 출력하는 가장 단순한 기능
- 끄고 키는 옵션이 없으며, 레벨 구분이 없고,
- 시간, 어느 클래스에서 발생했는지 등 정보가 자동으로 붙지 않는다.

Logger (로그인 프레임워크 , Log4j, SLF4J 등)
- 기록을 체계적으로 관리하기 위해 만들어진 전문 도구
출력 예시
2026-06-21 14:32:10 [INFO] LoginService - 사용자 로그인 성공 : hong123
2026-06-21 14:33:55 [ERROR] LoginService - 로그인 실패 : jung461

과 같이 소비자가 로그인을 시도한 아이피, 어떤 상황인지에 대하여 상세히 기록
- 파일로 저장 가능(나중에 컴플레인 쿠폰
                    무한 발급이 되었을 때 누구에게 몇시 몇 분  몇 초 발급되었는지 와 같은
                    에러 상황확인하고 수습 가능,
                    사이트 운영에 있어 문제가 발생한 기록을 저장하고, 추후 기록을 다시 확인하여
                    수습 가능)
- 레벨 존재 INFO, WARN, ERROR, DEBUG 등 구분
- 설정만 바꿔서 끄고 켤 수 있으며, 자동으로 시간, 클래스명 을 붙여
  어디서 어떤 상황이 발생했는지 실시간으로 기록
- 실제 서비스에서 운영하며, 장애 추적용 사용

System.out.print() = 메모지에 적어서 책상에 잠깐 붙여놓는 것처럼
                      간단한 테스트, 디버깅용 사용
Logger             = 다이어리에 날짜를 적어서 상세히 기록하는 것처럼
                     나중에 펼쳤을 때 언제 어디서 누가 무엇을 어떻게 와 같은
                     기록을 상세히 다 볼 수 있다.
                     스프링 or 스프링부트에서 가볍게 세팅을 할 수 있다.






